[   30520ms] [ERROR] Failed to load resource: net::ERR_CONNECTION_REFUSED @ http://localhost:4321/assets/js/1be78505.3e82e6ad.js:0
[   30520ms] [ERROR] Failed to load resource: net::ERR_CONNECTION_REFUSED @ http://localhost:4321/assets/js/1fe4e08c.77fc6d10.js:0
[   30520ms] [ERROR] Failed to load resource: net::ERR_CONNECTION_REFUSED @ http://localhost:4321/assets/js/935f2afb.d5b749d7.js:0
[   30521ms] [ERROR] Failed to load resource: net::ERR_CONNECTION_REFUSED @ http://localhost:4321/assets/js/17896441.d6ca0622.js:0
[   30528ms] [ERROR] Failed to load resource: net::ERR_CONNECTION_REFUSED @ http://localhost:4321/assets/js/150e02bf.f7bd7663.js:0
[   30531ms] [ERROR] Failed to load resource: net::ERR_CONNECTION_REFUSED @ http://localhost:4321/assets/js/210.f604b579.js:0
[   30549ms] ChunkLoadError: Loading chunk 9514 failed.
(error: http://localhost:4321/assets/js/1be78505.3e82e6ad.js)
    at d.f.j (http://localhost:4321/assets/js/runtime~main.17d306dc.js:1:4991)
    at http://localhost:4321/assets/js/runtime~main.17d306dc.js:1:1235
    at Array.reduce (<anonymous>)
    at d.e (http://localhost:4321/assets/js/runtime~main.17d306dc.js:1:1214)
    at s.1be78505 (http://localhost:4321/assets/js/main.658284b2.js:2:912)
    at d (http://localhost:4321/assets/js/main.658284b2.js:2:325698)
    at http://localhost:4321/assets/js/main.658284b2.js:2:325968
    at Array.forEach (<anonymous>)
    at f (http://localhost:4321/assets/js/main.658284b2.js:2:325942)
    at g (http://localhost:4321/assets/js/main.658284b2.js:2:326578)
[  119253ms] [WARNING] ChunkLoadError: Loading chunk 9514 failed.
(error: http://localhost:4321/assets/js/1be78505.3e82e6ad.js)
    at d.f.j (http://localhost:4321/assets/js/runtime~main.17d306dc.js:1:4991)
    at http://localhost:4321/assets/js/runtime~main.17d306dc.js:1:1235
    at Array.reduce (<anonymous>)
    at d.e (http://localhost:4321/assets/js/runtime~main.17d306dc.js:1:1214)
    at s.1be78505 (http://localhost:4321/assets/js/main.658284b2.js:2:912)
    at d (http://localhost:4321/assets/js/main.658284b2.js:2:325698)
    at http://localhost:4321/assets/js/main.658284b2.js:2:325968
    at Array.forEach (<anonymous>)
    at f (http://localhost:4321/assets/js/main.658284b2.js:2:325942)
    at g (http://localhost:4321/assets/js/main.658284b2.js:2:326578) @ http://localhost:4321/assets/js/main.658284b2.js:1
[  120503ms] [ERROR] Failed to load resource: net::ERR_CONNECTION_REFUSED @ http://localhost:4321/assets/js/1df93b7f.1015c229.js:0
[  120504ms] [ERROR] Failed to load resource: net::ERR_CONNECTION_REFUSED @ http://localhost:4321/assets/js/ce7bc8b1.a4c58633.js:0
[  120505ms] [ERROR] Failed to load resource: net::ERR_CONNECTION_REFUSED @ http://localhost:4321/assets/js/1be78505.3e82e6ad.js:0
[  120506ms] [ERROR] Failed to load resource: net::ERR_CONNECTION_REFUSED @ http://localhost:4321/assets/js/1fe4e08c.77fc6d10.js:0
[  120506ms] [ERROR] Failed to load resource: net::ERR_CONNECTION_REFUSED @ http://localhost:4321/assets/js/935f2afb.d5b749d7.js:0
[  120506ms] [ERROR] Failed to load resource: net::ERR_CONNECTION_REFUSED @ http://localhost:4321/img/favicon.ico:0
[  120506ms] [ERROR] Failed to load resource: net::ERR_CONNECTION_REFUSED @ http://localhost:4321/assets/js/17896441.d6ca0622.js:0
[  120506ms] [ERROR] Failed to load resource: net::ERR_CONNECTION_REFUSED @ http://localhost:4321/assets/js/150e02bf.f7bd7663.js:0
[  367937ms] [ERROR] Failed to load resource: net::ERR_CONNECTION_REFUSED @ http://localhost:4321/assets/js/1be78505.3e82e6ad.js:0
[  367937ms] [ERROR] Failed to load resource: net::ERR_CONNECTION_REFUSED @ http://localhost:4321/assets/js/1fe4e08c.77fc6d10.js:0
[  367937ms] [ERROR] Failed to load resource: net::ERR_CONNECTION_REFUSED @ http://localhost:4321/assets/js/935f2afb.d5b749d7.js:0
[  367937ms] [ERROR] Failed to load resource: net::ERR_CONNECTION_REFUSED @ http://localhost:4321/assets/js/210.f604b579.js:0
[  367938ms] [ERROR] Failed to load resource: net::ERR_CONNECTION_REFUSED @ http://localhost:4321/assets/js/17896441.d6ca0622.js:0
[  367938ms] [ERROR] Failed to load resource: net::ERR_CONNECTION_REFUSED @ http://localhost:4321/assets/js/150e02bf.f7bd7663.js:0
[  367963ms] ChunkLoadError: Loading chunk 9514 failed.
(error: http://localhost:4321/assets/js/1be78505.3e82e6ad.js)
    at Object.j (http://localhost:4321/assets/js/runtime~main.17d306dc.js:1:4991)
    at http://localhost:4321/assets/js/runtime~main.17d306dc.js:1:1235
    at Array.reduce (<anonymous>)
    at d.e (http://localhost:4321/assets/js/runtime~main.17d306dc.js:1:1214)
    at push.723.s.1be78505 (http://localhost:4321/assets/js/main.658284b2.js:2:912)
    at d (http://localhost:4321/assets/js/main.658284b2.js:2:325698)
    at http://localhost:4321/assets/js/main.658284b2.js:2:325968
    at Array.forEach (<anonymous>)
    at f (http://localhost:4321/assets/js/main.658284b2.js:2:325942)
    at g (http://localhost:4321/assets/js/main.658284b2.js:2:326578)
[  405623ms] [ERROR] Failed to load resource: net::ERR_CONNECTION_REFUSED @ http://localhost:4321/assets/js/a6aa9e1f.1ece444c.js:0
[  405623ms] [ERROR] Failed to load resource: net::ERR_CONNECTION_REFUSED @ http://localhost:4321/assets/js/b51880ad.d24d69c2.js:0
[  405630ms] [ERROR] Failed to load resource: net::ERR_CONNECTION_REFUSED @ http://localhost:4321/assets/js/814f3328.29ae0097.js:0
[  405630ms] [ERROR] Failed to load resource: net::ERR_CONNECTION_REFUSED @ http://localhost:4321/assets/js/7661071f.761de43a.js:0
[  405631ms] [ERROR] Failed to load resource: net::ERR_CONNECTION_REFUSED @ http://localhost:4321/assets/js/f4f34a3a.9b398a90.js:0
[  405631ms] [ERROR] Failed to load resource: net::ERR_CONNECTION_REFUSED @ http://localhost:4321/assets/js/8717b14a.7645277d.js:0
[  405631ms] [ERROR] Failed to load resource: net::ERR_CONNECTION_REFUSED @ http://localhost:4321/assets/js/925b3f96.6688a4b0.js:0
[  405631ms] [ERROR] Failed to load resource: net::ERR_CONNECTION_REFUSED @ http://localhost:4321/assets/js/b2b675dd.25916dbe.js:0
